// Jest Snapshot v1, https://goo.gl/fbAQLP

exports[`should render ExpenseListItem with expense 1`] = `
<div>
  <Link
    replace={false}
    to="/edit/1"
  >
    <h1>
      gum
    </h1>
  </Link>
  <p>
    0
    -
    1000
  </p>
</div>
`;
